// Jest Snapshot v1, https://goo.gl/fbAQLP

exports[`SpeakersList should render the component 1`] = `
<div>
  <speaker-stub speaker="[object Object]"></speaker-stub>
</div>
`;
